test_complete_epochs_and_small_tail (quoridor_training.test_sampling.EpochSamplingTests.test_complete_epochs_and_small_tail) ... ok
test_config_default_and_no_double_group_weight (quoridor_training.test_sampling.EpochSamplingTests.test_config_default_and_no_double_group_weight) ... ok
test_group_normalization_and_objective (quoridor_training.test_sampling.EpochSamplingTests.test_group_normalization_and_objective) ... ok
test_invalid_training_rows (quoridor_training.test_sampling.EpochSamplingTests.test_invalid_training_rows) ... ok
test_seed_reproduction_and_partial_epoch (quoridor_training.test_sampling.EpochSamplingTests.test_seed_reproduction_and_partial_epoch) ... ok
test_child_hash_and_distance_corruption_rejected (quoridor_training.test_sharded_cache.ShardedCacheTests.test_child_hash_and_distance_corruption_rejected) ... ok
test_explicit_schedule_and_native_only_defaults (quoridor_training.test_sharded_cache.ShardedCacheTests.test_explicit_schedule_and_native_only_defaults) ... ok
test_namespace_p2_draw_and_original_bytes (quoridor_training.test_sharded_cache.ShardedCacheTests.test_namespace_p2_draw_and_original_bytes) ... ok
test_unknown_future_missing_rows_bad_uid_and_mask_rejected (quoridor_training.test_sharded_cache.ShardedCacheTests.test_unknown_future_missing_rows_bad_uid_and_mask_rejected) ... ok
test_eligible_teacher_mix_rejected (quoridor_training.test_selected_target.SelectedTargetTests.test_eligible_teacher_mix_rejected) ... ok
test_external_z_does_not_need_rootmean (quoridor_training.test_selected_target.SelectedTargetTests.test_external_z_does_not_need_rootmean) ... ok
test_invalid_selected_labels_rejected (quoridor_training.test_selected_target.SelectedTargetTests.test_invalid_selected_labels_rejected) ... ok
test_missing_or_excluded_teacher_does_not_mix (quoridor_training.test_selected_target.SelectedTargetTests.test_missing_or_excluded_teacher_does_not_mix) ... ok
test_missing_z_is_not_rootmean (quoridor_training.test_selected_target.SelectedTargetTests.test_missing_z_is_not_rootmean) ... ok
test_native_explicit_draw_is_not_globally_removed (quoridor_training.test_selected_target.SelectedTargetTests.test_native_explicit_draw_is_not_globally_removed) ... ok
test_tensor_column_cannot_be_exchanged (quoridor_training.test_selected_target.SelectedTargetTests.test_tensor_column_cannot_be_exchanged) ... ok
test_test_partition_rejected (quoridor_training.test_selected_target.SelectedTargetTests.test_test_partition_rejected) ... ok
test_curve_artifact_has_multiple_measured_points (quoridor_training.test_contracts.Contracts.test_curve_artifact_has_multiple_measured_points) ... ok
test_hash_binding_and_mmap_bulk (quoridor_training.test_contracts.Contracts.test_hash_binding_and_mmap_bulk) ... ok
test_test_cache_rejected_before_mapping (quoridor_training.test_contracts.Contracts.test_test_cache_rejected_before_mapping) ... ok
test_default_architecture_remains_explicit_scaled (quoridor_training.test_residual_config.ResidualConfigurationTests.test_default_architecture_remains_explicit_scaled) ... ok
test_explicit_residual_and_signed_distance_fit (quoridor_training.test_residual_config.ResidualConfigurationTests.test_explicit_residual_and_signed_distance_fit) ... ok
test_unknown_model_and_nonfinite_coefficient_rejected (quoridor_training.test_residual_config.ResidualConfigurationTests.test_unknown_model_and_nonfinite_coefficient_rejected) ... ok
test_attempted_tail_is_not_completed_exposure (quoridor_training.test_observation.ObservationContracts.test_attempted_tail_is_not_completed_exposure) ... ok
test_dense_points_epoch_ends_and_explicit_override (quoridor_training.test_observation.ObservationContracts.test_dense_points_epoch_ends_and_explicit_override) ... ok
test_patience_counts_full_measurements_zero_disabled (quoridor_training.test_observation.ObservationContracts.test_patience_counts_full_measurements_zero_disabled) ... ok
test_steps_override_revalidates_checkpoint_ranges (quoridor_training.test_observation.ObservationContracts.test_steps_override_revalidates_checkpoint_ranges) ... ok
test_subset_cannot_export_full_row_scalar_order (quoridor_training.test_observation.ObservationContracts.test_subset_cannot_export_full_row_scalar_order) ... ok
test_target_blind_stable_subset_does_not_use_numpy_rng (quoridor_training.test_observation.ObservationContracts.test_target_blind_stable_subset_does_not_use_numpy_rng) ... ok

----------------------------------------------------------------------
Ran 29 tests in 0.080s

OK
