{
  "task": "teacher-budget-282-v1",
  "schema": "teacher-budget-salvage-v1",
  "raw_SHA": "9740fa98b59dee785d0290b4bdcf3ee68d0e6340ca35dfdede23bb0d6fa9f449",
  "raw_json": "TRUNCATED_PRESERVED",
  "completed_objects": 4,
  "planned_root_count": 36,
  "registered_root_count": 32,
  "not_available_root_count": 4,
  "planned_K_conditions": 108,
  "registered_K_conditions": 96,
  "not_available_K_conditions": 12,
  "recorded_complete": 4,
  "unknown_not_recorded": 92,
  "serialized_header_counters": {
    "allocated_nodes": 515334,
    "logical_NN": 5376,
    "partial": true
  },
  "main_physical_NN_source_bound": 5412,
  "main_physical_NN_evidence": "header counter before synchronous interrupted serialization; fixed TensorRtBackend B1..8 warm36; no inference progresses during this writer",
  "main_NN_conservative_config_upper": 98000,
  "qualification_physical_NN": 296,
  "total_physical_NN_source_bound": 5708,
  "total_physical_NN_conservative_upper": 98296,
  "pairs": [
    {
      "id": "game-0-ply-8",
      "phase": "opening",
      "split": "train",
      "K_pair": [
        64,
        256
      ],
      "action": [
        13,
        3
      ],
      "action_change": true,
      "rootmean": [
        -0.21036740225827089,
        -0.2300610173424502
      ],
      "delta_rootmean": -0.019693615084179328,
      "D0_8": 0.0,
      "D_residual": [
        -0.21036740225827089,
        -0.2300610173424502
      ],
      "pi_L1_edge_visit_normalized": 0.9396825396825396,
      "edge_visit_mass": [
        63,
        255
      ],
      "search_seconds": [
        0.133532795,
        0.310182675
      ],
      "terminal_origin": [
        null,
        null
      ],
      "highK_is_truth": false
    },
    {
      "id": "game-0-ply-8",
      "phase": "opening",
      "split": "train",
      "K_pair": [
        256,
        1024
      ],
      "action": [
        3,
        3
      ],
      "action_change": false,
      "rootmean": [
        -0.2300610173424502,
        -0.36665168526491243
      ],
      "delta_rootmean": -0.13659066792246222,
      "D0_8": 0.0,
      "D_residual": [
        -0.2300610173424502,
        -0.36665168526491243
      ],
      "pi_L1_edge_visit_normalized": 0.3448910355931229,
      "edge_visit_mass": [
        255,
        1023
      ],
      "search_seconds": [
        0.310182675,
        1.3117134
      ],
      "terminal_origin": [
        null,
        null
      ],
      "highK_is_truth": false
    },
    {
      "id": "game-0-ply-8",
      "phase": "opening",
      "split": "train",
      "K_pair": [
        64,
        1024
      ],
      "action": [
        13,
        3
      ],
      "action_change": true,
      "rootmean": [
        -0.21036740225827089,
        -0.36665168526491243
      ],
      "delta_rootmean": -0.15628428300664154,
      "D0_8": 0.0,
      "D_residual": [
        -0.21036740225827089,
        -0.36665168526491243
      ],
      "pi_L1_edge_visit_normalized": 1.272820369594563,
      "edge_visit_mass": [
        63,
        1023
      ],
      "search_seconds": [
        0.133532795,
        1.3117134
      ],
      "terminal_origin": [
        null,
        null
      ],
      "highK_is_truth": false
    }
  ],
  "pair_root_count": 1,
  "phase_population_sensitivity": "NOT_ESTABLISHED",
  "all_main_roots_P1": true,
  "no_seed_variance": true,
  "no_rerun": true,
  "analysis_NN": 0,
  "analysis_seconds": 0.00551238696789369
}
