warning: quoridor-inference@0.1.0: In file included from /home/vscode/.cache/inference/backends/tensorrt-11.3/include/NvInferRuntimeCommon.h:34,
warning: quoridor-inference@0.1.0:                  from /home/vscode/.cache/inference/backends/tensorrt-11.3/include/NvInferImpl.h:22,
warning: quoridor-inference@0.1.0:                  from /home/vscode/.cache/inference/backends/tensorrt-11.3/include/NvInferRuntime.h:27,
warning: quoridor-inference@0.1.0:                  from native/tensorrt.cpp:3:
warning: quoridor-inference@0.1.0: /home/vscode/.cache/inference/backends/tensorrt-11.3/include/NvInferRuntimePlugin.h: In member function 'virtual int32_t nvinfer1::IPluginV2Ext::getTensorRTVersion() const':
warning: quoridor-inference@0.1.0: /home/vscode/.cache/inference/backends/tensorrt-11.3/include/NvInferRuntimePlugin.h:639:75: warning: 'nvinfer1::PluginVersion::kV2_EXT' is deprecated [-Wdeprecated-declarations]
warning: quoridor-inference@0.1.0:   639 |         return static_cast<int32_t>((static_cast<uint32_t>(PluginVersion::kV2_EXT) << 24U)
warning: quoridor-inference@0.1.0:       |                                                                           ^~~~~~~
warning: quoridor-inference@0.1.0: /home/vscode/.cache/inference/backends/tensorrt-11.3/include/NvInferRuntimePlugin.h:99:5: note: declared here
warning: quoridor-inference@0.1.0:    99 |     kV2_EXT TRT_DEPRECATED_ENUM = 1,
warning: quoridor-inference@0.1.0:       |     ^~~~~~~
warning: quoridor-inference@0.1.0: /home/vscode/.cache/inference/backends/tensorrt-11.3/include/NvInferRuntimePlugin.h:639:75: warning: 'nvinfer1::PluginVersion::kV2_EXT' is deprecated [-Wdeprecated-declarations]
warning: quoridor-inference@0.1.0:   639 |         return static_cast<int32_t>((static_cast<uint32_t>(PluginVersion::kV2_EXT) << 24U)
warning: quoridor-inference@0.1.0:       |                                                                           ^~~~~~~
warning: quoridor-inference@0.1.0: /home/vscode/.cache/inference/backends/tensorrt-11.3/include/NvInferRuntimePlugin.h:99:5: note: declared here
warning: quoridor-inference@0.1.0:    99 |     kV2_EXT TRT_DEPRECATED_ENUM = 1,
warning: quoridor-inference@0.1.0:       |     ^~~~~~~
warning: quoridor-inference@0.1.0: /home/vscode/.cache/inference/backends/tensorrt-11.3/include/NvInferRuntimePlugin.h: In member function 'virtual int32_t nvinfer1::IPluginV2IOExt::getTensorRTVersion() const':
warning: quoridor-inference@0.1.0: /home/vscode/.cache/inference/backends/tensorrt-11.3/include/NvInferRuntimePlugin.h:758:75: warning: 'nvinfer1::PluginVersion::kV2_IOEXT' is deprecated [-Wdeprecated-declarations]
warning: quoridor-inference@0.1.0:   758 |         return static_cast<int32_t>((static_cast<uint32_t>(PluginVersion::kV2_IOEXT) << 24U)
warning: quoridor-inference@0.1.0:       |                                                                           ^~~~~~~~~
warning: quoridor-inference@0.1.0: /home/vscode/.cache/inference/backends/tensorrt-11.3/include/NvInferRuntimePlugin.h:101:5: note: declared here
warning: quoridor-inference@0.1.0:   101 |     kV2_IOEXT TRT_DEPRECATED_ENUM = 2,
warning: quoridor-inference@0.1.0:       |     ^~~~~~~~~
warning: quoridor-inference@0.1.0: /home/vscode/.cache/inference/backends/tensorrt-11.3/include/NvInferRuntimePlugin.h:758:75: warning: 'nvinfer1::PluginVersion::kV2_IOEXT' is deprecated [-Wdeprecated-declarations]
warning: quoridor-inference@0.1.0:   758 |         return static_cast<int32_t>((static_cast<uint32_t>(PluginVersion::kV2_IOEXT) << 24U)
warning: quoridor-inference@0.1.0:       |                                                                           ^~~~~~~~~
warning: quoridor-inference@0.1.0: /home/vscode/.cache/inference/backends/tensorrt-11.3/include/NvInferRuntimePlugin.h:101:5: note: declared here
warning: quoridor-inference@0.1.0:   101 |     kV2_IOEXT TRT_DEPRECATED_ENUM = 2,
warning: quoridor-inference@0.1.0:       |     ^~~~~~~~~
warning: quoridor-inference@0.1.0: /home/vscode/.cache/inference/backends/tensorrt-11.3/include/NvInferRuntimePlugin.h: At global scope:
warning: quoridor-inference@0.1.0: /home/vscode/.cache/inference/backends/tensorrt-11.3/include/NvInferRuntimePlugin.h:840:104: warning: 'IPluginV2' is deprecated [-Wdeprecated-declarations]
warning: quoridor-inference@0.1.0:   840 |     virtual IPluginV2* createPlugin(AsciiChar const* name, PluginFieldCollection const* fc) noexcept = 0;
warning: quoridor-inference@0.1.0:       |                                                                                                        ^
warning: quoridor-inference@0.1.0: /home/vscode/.cache/inference/backends/tensorrt-11.3/include/NvInferRuntimePlugin.h:138:22: note: declared here
warning: quoridor-inference@0.1.0:   138 | class TRT_DEPRECATED IPluginV2
warning: quoridor-inference@0.1.0:       |                      ^~~~~~~~~
warning: quoridor-inference@0.1.0: /home/vscode/.cache/inference/backends/tensorrt-11.3/include/NvInferRuntimePlugin.h:858:11: warning: 'IPluginV2' is deprecated [-Wdeprecated-declarations]
warning: quoridor-inference@0.1.0:   858 |         = 0;
warning: quoridor-inference@0.1.0:       |           ^
warning: quoridor-inference@0.1.0: /home/vscode/.cache/inference/backends/tensorrt-11.3/include/NvInferRuntimePlugin.h:138:22: note: declared here
warning: quoridor-inference@0.1.0:   138 | class TRT_DEPRECATED IPluginV2
warning: quoridor-inference@0.1.0:       |                      ^~~~~~~~~
warning: quoridor-inference@0.1.0: /home/vscode/.cache/inference/backends/tensorrt-11.3/include/NvInferRuntimePlugin.h:921:31: warning: 'IPluginCreator' is deprecated [-Wdeprecated-declarations]
warning: quoridor-inference@0.1.0:   921 | using IPluginCreator = v_1_0::IPluginCreator;
warning: quoridor-inference@0.1.0:       |                               ^~~~~~~~~~~~~~
warning: quoridor-inference@0.1.0: /home/vscode/.cache/inference/backends/tensorrt-11.3/include/NvInferRuntimePlugin.h:784:22: note: declared here
warning: quoridor-inference@0.1.0:   784 | class TRT_DEPRECATED IPluginCreator : public IPluginCreatorInterface
warning: quoridor-inference@0.1.0:       |                      ^~~~~~~~~~~~~~
warning: quoridor-inference@0.1.0: /home/vscode/.cache/inference/backends/tensorrt-11.3/include/NvInferRuntimePlugin.h:921:45: warning: 'IPluginCreator' is deprecated [-Wdeprecated-declarations]
warning: quoridor-inference@0.1.0:   921 | using IPluginCreator = v_1_0::IPluginCreator;
warning: quoridor-inference@0.1.0:       |                                             ^
warning: quoridor-inference@0.1.0: /home/vscode/.cache/inference/backends/tensorrt-11.3/include/NvInferRuntimePlugin.h:784:22: note: declared here
warning: quoridor-inference@0.1.0:   784 | class TRT_DEPRECATED IPluginCreator : public IPluginCreatorInterface
warning: quoridor-inference@0.1.0:       |                      ^~~~~~~~~~~~~~
warning: quoridor-inference@0.1.0: /home/vscode/.cache/inference/backends/tensorrt-11.3/include/NvInferImpl.h:679:47: warning: 'IPluginV2' is deprecated [-Wdeprecated-declarations]
warning: quoridor-inference@0.1.0:   679 |     virtual IPluginV2& getPlugin() noexcept = 0;
warning: quoridor-inference@0.1.0:       |                                               ^
warning: quoridor-inference@0.1.0: /home/vscode/.cache/inference/backends/tensorrt-11.3/include/NvInferRuntimePlugin.h:138:22: note: declared here
warning: quoridor-inference@0.1.0:   138 | class TRT_DEPRECATED IPluginV2
warning: quoridor-inference@0.1.0:       |                      ^~~~~~~~~
warning: quoridor-inference@0.1.0: /home/vscode/.cache/inference/backends/tensorrt-11.3/include/NvInferImpl.h:1189:113: warning: 'IPluginV2' is deprecated [-Wdeprecated-declarations]
warning: quoridor-inference@0.1.0:  1189 |     virtual IPluginV2Layer* addPluginV2(ITensor* const* inputs, int32_t nbInputs, IPluginV2& plugin) noexcept = 0;
warning: quoridor-inference@0.1.0:       |                                                                                                                 ^
warning: quoridor-inference@0.1.0: /home/vscode/.cache/inference/backends/tensorrt-11.3/include/NvInferRuntimePlugin.h:138:22: note: declared here
warning: quoridor-inference@0.1.0:   138 | class TRT_DEPRECATED IPluginV2
warning: quoridor-inference@0.1.0:       |                      ^~~~~~~~~
warning: quoridor-inference@0.1.0: /home/vscode/.cache/inference/backends/tensorrt-11.3/include/NvInferRuntime.h: In member function 'virtual int32_t nvinfer1::IPluginV2DynamicExt::getTensorRTVersion() const':
warning: quoridor-inference@0.1.0: /home/vscode/.cache/inference/backends/tensorrt-11.3/include/NvInferRuntime.h:564:53: warning: 'nvinfer1::PluginVersion::kV2_DYNAMICEXT' is deprecated [-Wdeprecated-declarations]
warning: quoridor-inference@0.1.0:   564 |         return (static_cast<int32_t>(PluginVersion::kV2_DYNAMICEXT) << 24 | (NV_TENSORRT_VERSION & 0xFFFFFF));
warning: quoridor-inference@0.1.0:       |                                                     ^~~~~~~~~~~~~~
warning: quoridor-inference@0.1.0: /home/vscode/.cache/inference/backends/tensorrt-11.3/include/NvInferRuntimePlugin.h:103:5: note: declared here
warning: quoridor-inference@0.1.0:   103 |     kV2_DYNAMICEXT TRT_DEPRECATED_ENUM = 3,
warning: quoridor-inference@0.1.0:       |     ^~~~~~~~~~~~~~
warning: quoridor-inference@0.1.0: /home/vscode/.cache/inference/backends/tensorrt-11.3/include/NvInferRuntime.h:564:53: warning: 'nvinfer1::PluginVersion::kV2_DYNAMICEXT' is deprecated [-Wdeprecated-declarations]
warning: quoridor-inference@0.1.0:   564 |         return (static_cast<int32_t>(PluginVersion::kV2_DYNAMICEXT) << 24 | (NV_TENSORRT_VERSION & 0xFFFFFF));
warning: quoridor-inference@0.1.0:       |                                                     ^~~~~~~~~~~~~~
warning: quoridor-inference@0.1.0: /home/vscode/.cache/inference/backends/tensorrt-11.3/include/NvInferRuntimePlugin.h:103:5: note: declared here
warning: quoridor-inference@0.1.0:   103 |     kV2_DYNAMICEXT TRT_DEPRECATED_ENUM = 3,
warning: quoridor-inference@0.1.0:       |     ^~~~~~~~~~~~~~
warning: quoridor-inference@0.1.0: /home/vscode/.cache/inference/backends/tensorrt-11.3/include/NvInferRuntime.h: At global scope:
warning: quoridor-inference@0.1.0: /home/vscode/.cache/inference/backends/tensorrt-11.3/include/NvInferRuntime.h:700:30: warning: 'IStreamReader' is deprecated [-Wdeprecated-declarations]
warning: quoridor-inference@0.1.0:   700 | using IStreamReader = v_1_0::IStreamReader;
warning: quoridor-inference@0.1.0:       |                              ^~~~~~~~~~~~~
warning: quoridor-inference@0.1.0: /home/vscode/.cache/inference/backends/tensorrt-11.3/include/NvInferRuntime.h:618:22: note: declared here
warning: quoridor-inference@0.1.0:   618 | class TRT_DEPRECATED IStreamReader : public IVersionedInterface
warning: quoridor-inference@0.1.0:       |                      ^~~~~~~~~~~~~
warning: quoridor-inference@0.1.0: /home/vscode/.cache/inference/backends/tensorrt-11.3/include/NvInferRuntime.h:700:43: warning: 'IStreamReader' is deprecated [-Wdeprecated-declarations]
warning: quoridor-inference@0.1.0:   700 | using IStreamReader = v_1_0::IStreamReader;
warning: quoridor-inference@0.1.0:       |                                           ^
warning: quoridor-inference@0.1.0: /home/vscode/.cache/inference/backends/tensorrt-11.3/include/NvInferRuntime.h:618:22: note: declared here
warning: quoridor-inference@0.1.0:   618 | class TRT_DEPRECATED IStreamReader : public IVersionedInterface
warning: quoridor-inference@0.1.0:       |                      ^~~~~~~~~~~~~
warning: quoridor-inference@0.1.0: /home/vscode/.cache/inference/backends/tensorrt-11.3/include/NvInferRuntime.h: In member function 'virtual void* nvinfer1::v_1_0::IGpuAllocator::allocateAsync(uint64_t, uint64_t, nvinfer1::AllocatorFlags, cudaStream_t)':
warning: quoridor-inference@0.1.0: /home/vscode/.cache/inference/backends/tensorrt-11.3/include/NvInferRuntime.h:1816:24: warning: 'virtual void* nvinfer1::v_1_0::IGpuAllocator::allocate(uint64_t, uint64_t, nvinfer1::AllocatorFlags)' is deprecated [-Wdeprecated-declarations]
warning: quoridor-inference@0.1.0:  1816 |         return allocate(size, alignment, flags);
warning: quoridor-inference@0.1.0:       |                ~~~~~~~~^~~~~~~~~~~~~~~~~~~~~~~~
warning: quoridor-inference@0.1.0: /home/vscode/.cache/inference/backends/tensorrt-11.3/include/NvInferRuntime.h:1717:34: note: declared here
warning: quoridor-inference@0.1.0:  1717 |     TRT_DEPRECATED virtual void* allocate(
warning: quoridor-inference@0.1.0:       |                                  ^~~~~~~~
warning: quoridor-inference@0.1.0: /home/vscode/.cache/inference/backends/tensorrt-11.3/include/NvInferRuntime.h: In member function 'virtual bool nvinfer1::v_1_0::IGpuAllocator::deallocateAsync(void*, cudaStream_t)':
warning: quoridor-inference@0.1.0: /home/vscode/.cache/inference/backends/tensorrt-11.3/include/NvInferRuntime.h:1848:26: warning: 'virtual bool nvinfer1::v_1_0::IGpuAllocator::deallocate(void*)' is deprecated [-Wdeprecated-declarations]
warning: quoridor-inference@0.1.0:  1848 |         return deallocate(memory);
warning: quoridor-inference@0.1.0:       |                ~~~~~~~~~~^~~~~~~~
warning: quoridor-inference@0.1.0: /home/vscode/.cache/inference/backends/tensorrt-11.3/include/NvInferRuntime.h:1783:33: note: declared here
warning: quoridor-inference@0.1.0:  1783 |     TRT_DEPRECATED virtual bool deallocate(void* const memory) noexcept = 0;
warning: quoridor-inference@0.1.0:       |                                 ^~~~~~~~~~
warning: quoridor-inference@0.1.0: /home/vscode/.cache/inference/backends/tensorrt-11.3/include/NvInferRuntime.h: In member function 'virtual void* nvinfer1::v_1_0::IOutputAllocator::reallocateOutputAsync(const char*, void*, uint64_t, uint64_t, cudaStream_t)':
warning: quoridor-inference@0.1.0: /home/vscode/.cache/inference/backends/tensorrt-11.3/include/NvInferRuntime.h:3957:32: warning: 'virtual void* nvinfer1::v_1_0::IOutputAllocator::reallocateOutput(const char*, void*, uint64_t, uint64_t)' is deprecated [-Wdeprecated-declarations]
warning: quoridor-inference@0.1.0:  3957 |         return reallocateOutput(tensorName, currentMemory, size, alignment);
warning: quoridor-inference@0.1.0:       |                ~~~~~~~~~~~~~~~~^~~~~~~~~~~~~~~~~~~~~~~~~~~~~~~~~~~~~~~~~~~~
warning: quoridor-inference@0.1.0: /home/vscode/.cache/inference/backends/tensorrt-11.3/include/NvInferRuntime.h:3925:34: note: declared here
warning: quoridor-inference@0.1.0:  3925 |     TRT_DEPRECATED virtual void* reallocateOutput(
warning: quoridor-inference@0.1.0:       |                                  ^~~~~~~~~~~~~~~~
   Compiling quoridor-runner v0.1.0 (/workspaces/quoridor/.worktree/frame22-teacher/crates/quoridor-runner)
    Finished `release` profile [optimized] target(s) in 14.39s
warning: quoridor-inference@0.1.0: In file included from /home/vscode/.cache/inference/backends/tensorrt-11.3/include/NvInferRuntimeCommon.h:34,
warning: quoridor-inference@0.1.0:                  from /home/vscode/.cache/inference/backends/tensorrt-11.3/include/NvInferImpl.h:22,
warning: quoridor-inference@0.1.0:                  from /home/vscode/.cache/inference/backends/tensorrt-11.3/include/NvInferRuntime.h:27,
warning: quoridor-inference@0.1.0:                  from native/tensorrt.cpp:3:
warning: quoridor-inference@0.1.0: /home/vscode/.cache/inference/backends/tensorrt-11.3/include/NvInferRuntimePlugin.h: In member function 'virtual int32_t nvinfer1::IPluginV2Ext::getTensorRTVersion() const':
warning: quoridor-inference@0.1.0: /home/vscode/.cache/inference/backends/tensorrt-11.3/include/NvInferRuntimePlugin.h:639:75: warning: 'nvinfer1::PluginVersion::kV2_EXT' is deprecated [-Wdeprecated-declarations]
warning: quoridor-inference@0.1.0:   639 |         return static_cast<int32_t>((static_cast<uint32_t>(PluginVersion::kV2_EXT) << 24U)
warning: quoridor-inference@0.1.0:       |                                                                           ^~~~~~~
warning: quoridor-inference@0.1.0: /home/vscode/.cache/inference/backends/tensorrt-11.3/include/NvInferRuntimePlugin.h:99:5: note: declared here
warning: quoridor-inference@0.1.0:    99 |     kV2_EXT TRT_DEPRECATED_ENUM = 1,
warning: quoridor-inference@0.1.0:       |     ^~~~~~~
warning: quoridor-inference@0.1.0: /home/vscode/.cache/inference/backends/tensorrt-11.3/include/NvInferRuntimePlugin.h:639:75: warning: 'nvinfer1::PluginVersion::kV2_EXT' is deprecated [-Wdeprecated-declarations]
warning: quoridor-inference@0.1.0:   639 |         return static_cast<int32_t>((static_cast<uint32_t>(PluginVersion::kV2_EXT) << 24U)
warning: quoridor-inference@0.1.0:       |                                                                           ^~~~~~~
warning: quoridor-inference@0.1.0: /home/vscode/.cache/inference/backends/tensorrt-11.3/include/NvInferRuntimePlugin.h:99:5: note: declared here
warning: quoridor-inference@0.1.0:    99 |     kV2_EXT TRT_DEPRECATED_ENUM = 1,
warning: quoridor-inference@0.1.0:       |     ^~~~~~~
warning: quoridor-inference@0.1.0: /home/vscode/.cache/inference/backends/tensorrt-11.3/include/NvInferRuntimePlugin.h: In member function 'virtual int32_t nvinfer1::IPluginV2IOExt::getTensorRTVersion() const':
warning: quoridor-inference@0.1.0: /home/vscode/.cache/inference/backends/tensorrt-11.3/include/NvInferRuntimePlugin.h:758:75: warning: 'nvinfer1::PluginVersion::kV2_IOEXT' is deprecated [-Wdeprecated-declarations]
warning: quoridor-inference@0.1.0:   758 |         return static_cast<int32_t>((static_cast<uint32_t>(PluginVersion::kV2_IOEXT) << 24U)
warning: quoridor-inference@0.1.0:       |                                                                           ^~~~~~~~~
warning: quoridor-inference@0.1.0: /home/vscode/.cache/inference/backends/tensorrt-11.3/include/NvInferRuntimePlugin.h:101:5: note: declared here
warning: quoridor-inference@0.1.0:   101 |     kV2_IOEXT TRT_DEPRECATED_ENUM = 2,
warning: quoridor-inference@0.1.0:       |     ^~~~~~~~~
warning: quoridor-inference@0.1.0: /home/vscode/.cache/inference/backends/tensorrt-11.3/include/NvInferRuntimePlugin.h:758:75: warning: 'nvinfer1::PluginVersion::kV2_IOEXT' is deprecated [-Wdeprecated-declarations]
warning: quoridor-inference@0.1.0:   758 |         return static_cast<int32_t>((static_cast<uint32_t>(PluginVersion::kV2_IOEXT) << 24U)
warning: quoridor-inference@0.1.0:       |                                                                           ^~~~~~~~~
warning: quoridor-inference@0.1.0: /home/vscode/.cache/inference/backends/tensorrt-11.3/include/NvInferRuntimePlugin.h:101:5: note: declared here
warning: quoridor-inference@0.1.0:   101 |     kV2_IOEXT TRT_DEPRECATED_ENUM = 2,
warning: quoridor-inference@0.1.0:       |     ^~~~~~~~~
warning: quoridor-inference@0.1.0: /home/vscode/.cache/inference/backends/tensorrt-11.3/include/NvInferRuntimePlugin.h: At global scope:
warning: quoridor-inference@0.1.0: /home/vscode/.cache/inference/backends/tensorrt-11.3/include/NvInferRuntimePlugin.h:840:104: warning: 'IPluginV2' is deprecated [-Wdeprecated-declarations]
warning: quoridor-inference@0.1.0:   840 |     virtual IPluginV2* createPlugin(AsciiChar const* name, PluginFieldCollection const* fc) noexcept = 0;
warning: quoridor-inference@0.1.0:       |                                                                                                        ^
warning: quoridor-inference@0.1.0: /home/vscode/.cache/inference/backends/tensorrt-11.3/include/NvInferRuntimePlugin.h:138:22: note: declared here
warning: quoridor-inference@0.1.0:   138 | class TRT_DEPRECATED IPluginV2
warning: quoridor-inference@0.1.0:       |                      ^~~~~~~~~
warning: quoridor-inference@0.1.0: /home/vscode/.cache/inference/backends/tensorrt-11.3/include/NvInferRuntimePlugin.h:858:11: warning: 'IPluginV2' is deprecated [-Wdeprecated-declarations]
warning: quoridor-inference@0.1.0:   858 |         = 0;
warning: quoridor-inference@0.1.0:       |           ^
warning: quoridor-inference@0.1.0: /home/vscode/.cache/inference/backends/tensorrt-11.3/include/NvInferRuntimePlugin.h:138:22: note: declared here
warning: quoridor-inference@0.1.0:   138 | class TRT_DEPRECATED IPluginV2
warning: quoridor-inference@0.1.0:       |                      ^~~~~~~~~
warning: quoridor-inference@0.1.0: /home/vscode/.cache/inference/backends/tensorrt-11.3/include/NvInferRuntimePlugin.h:921:31: warning: 'IPluginCreator' is deprecated [-Wdeprecated-declarations]
warning: quoridor-inference@0.1.0:   921 | using IPluginCreator = v_1_0::IPluginCreator;
warning: quoridor-inference@0.1.0:       |                               ^~~~~~~~~~~~~~
warning: quoridor-inference@0.1.0: /home/vscode/.cache/inference/backends/tensorrt-11.3/include/NvInferRuntimePlugin.h:784:22: note: declared here
warning: quoridor-inference@0.1.0:   784 | class TRT_DEPRECATED IPluginCreator : public IPluginCreatorInterface
warning: quoridor-inference@0.1.0:       |                      ^~~~~~~~~~~~~~
warning: quoridor-inference@0.1.0: /home/vscode/.cache/inference/backends/tensorrt-11.3/include/NvInferRuntimePlugin.h:921:45: warning: 'IPluginCreator' is deprecated [-Wdeprecated-declarations]
warning: quoridor-inference@0.1.0:   921 | using IPluginCreator = v_1_0::IPluginCreator;
warning: quoridor-inference@0.1.0:       |                                             ^
warning: quoridor-inference@0.1.0: /home/vscode/.cache/inference/backends/tensorrt-11.3/include/NvInferRuntimePlugin.h:784:22: note: declared here
warning: quoridor-inference@0.1.0:   784 | class TRT_DEPRECATED IPluginCreator : public IPluginCreatorInterface
warning: quoridor-inference@0.1.0:       |                      ^~~~~~~~~~~~~~
warning: quoridor-inference@0.1.0: /home/vscode/.cache/inference/backends/tensorrt-11.3/include/NvInferImpl.h:679:47: warning: 'IPluginV2' is deprecated [-Wdeprecated-declarations]
warning: quoridor-inference@0.1.0:   679 |     virtual IPluginV2& getPlugin() noexcept = 0;
warning: quoridor-inference@0.1.0:       |                                               ^
warning: quoridor-inference@0.1.0: /home/vscode/.cache/inference/backends/tensorrt-11.3/include/NvInferRuntimePlugin.h:138:22: note: declared here
warning: quoridor-inference@0.1.0:   138 | class TRT_DEPRECATED IPluginV2
warning: quoridor-inference@0.1.0:       |                      ^~~~~~~~~
warning: quoridor-inference@0.1.0: /home/vscode/.cache/inference/backends/tensorrt-11.3/include/NvInferImpl.h:1189:113: warning: 'IPluginV2' is deprecated [-Wdeprecated-declarations]
warning: quoridor-inference@0.1.0:  1189 |     virtual IPluginV2Layer* addPluginV2(ITensor* const* inputs, int32_t nbInputs, IPluginV2& plugin) noexcept = 0;
warning: quoridor-inference@0.1.0:       |                                                                                                                 ^
warning: quoridor-inference@0.1.0: /home/vscode/.cache/inference/backends/tensorrt-11.3/include/NvInferRuntimePlugin.h:138:22: note: declared here
warning: quoridor-inference@0.1.0:   138 | class TRT_DEPRECATED IPluginV2
warning: quoridor-inference@0.1.0:       |                      ^~~~~~~~~
warning: quoridor-inference@0.1.0: /home/vscode/.cache/inference/backends/tensorrt-11.3/include/NvInferRuntime.h: In member function 'virtual int32_t nvinfer1::IPluginV2DynamicExt::getTensorRTVersion() const':
warning: quoridor-inference@0.1.0: /home/vscode/.cache/inference/backends/tensorrt-11.3/include/NvInferRuntime.h:564:53: warning: 'nvinfer1::PluginVersion::kV2_DYNAMICEXT' is deprecated [-Wdeprecated-declarations]
warning: quoridor-inference@0.1.0:   564 |         return (static_cast<int32_t>(PluginVersion::kV2_DYNAMICEXT) << 24 | (NV_TENSORRT_VERSION & 0xFFFFFF));
warning: quoridor-inference@0.1.0:       |                                                     ^~~~~~~~~~~~~~
warning: quoridor-inference@0.1.0: /home/vscode/.cache/inference/backends/tensorrt-11.3/include/NvInferRuntimePlugin.h:103:5: note: declared here
warning: quoridor-inference@0.1.0:   103 |     kV2_DYNAMICEXT TRT_DEPRECATED_ENUM = 3,
warning: quoridor-inference@0.1.0:       |     ^~~~~~~~~~~~~~
warning: quoridor-inference@0.1.0: /home/vscode/.cache/inference/backends/tensorrt-11.3/include/NvInferRuntime.h:564:53: warning: 'nvinfer1::PluginVersion::kV2_DYNAMICEXT' is deprecated [-Wdeprecated-declarations]
warning: quoridor-inference@0.1.0:   564 |         return (static_cast<int32_t>(PluginVersion::kV2_DYNAMICEXT) << 24 | (NV_TENSORRT_VERSION & 0xFFFFFF));
warning: quoridor-inference@0.1.0:       |                                                     ^~~~~~~~~~~~~~
warning: quoridor-inference@0.1.0: /home/vscode/.cache/inference/backends/tensorrt-11.3/include/NvInferRuntimePlugin.h:103:5: note: declared here
warning: quoridor-inference@0.1.0:   103 |     kV2_DYNAMICEXT TRT_DEPRECATED_ENUM = 3,
warning: quoridor-inference@0.1.0:       |     ^~~~~~~~~~~~~~
warning: quoridor-inference@0.1.0: /home/vscode/.cache/inference/backends/tensorrt-11.3/include/NvInferRuntime.h: At global scope:
warning: quoridor-inference@0.1.0: /home/vscode/.cache/inference/backends/tensorrt-11.3/include/NvInferRuntime.h:700:30: warning: 'IStreamReader' is deprecated [-Wdeprecated-declarations]
warning: quoridor-inference@0.1.0:   700 | using IStreamReader = v_1_0::IStreamReader;
warning: quoridor-inference@0.1.0:       |                              ^~~~~~~~~~~~~
warning: quoridor-inference@0.1.0: /home/vscode/.cache/inference/backends/tensorrt-11.3/include/NvInferRuntime.h:618:22: note: declared here
warning: quoridor-inference@0.1.0:   618 | class TRT_DEPRECATED IStreamReader : public IVersionedInterface
warning: quoridor-inference@0.1.0:       |                      ^~~~~~~~~~~~~
warning: quoridor-inference@0.1.0: /home/vscode/.cache/inference/backends/tensorrt-11.3/include/NvInferRuntime.h:700:43: warning: 'IStreamReader' is deprecated [-Wdeprecated-declarations]
warning: quoridor-inference@0.1.0:   700 | using IStreamReader = v_1_0::IStreamReader;
warning: quoridor-inference@0.1.0:       |                                           ^
warning: quoridor-inference@0.1.0: /home/vscode/.cache/inference/backends/tensorrt-11.3/include/NvInferRuntime.h:618:22: note: declared here
warning: quoridor-inference@0.1.0:   618 | class TRT_DEPRECATED IStreamReader : public IVersionedInterface
warning: quoridor-inference@0.1.0:       |                      ^~~~~~~~~~~~~
warning: quoridor-inference@0.1.0: /home/vscode/.cache/inference/backends/tensorrt-11.3/include/NvInferRuntime.h: In member function 'virtual void* nvinfer1::v_1_0::IGpuAllocator::allocateAsync(uint64_t, uint64_t, nvinfer1::AllocatorFlags, cudaStream_t)':
warning: quoridor-inference@0.1.0: /home/vscode/.cache/inference/backends/tensorrt-11.3/include/NvInferRuntime.h:1816:24: warning: 'virtual void* nvinfer1::v_1_0::IGpuAllocator::allocate(uint64_t, uint64_t, nvinfer1::AllocatorFlags)' is deprecated [-Wdeprecated-declarations]
warning: quoridor-inference@0.1.0:  1816 |         return allocate(size, alignment, flags);
warning: quoridor-inference@0.1.0:       |                ~~~~~~~~^~~~~~~~~~~~~~~~~~~~~~~~
warning: quoridor-inference@0.1.0: /home/vscode/.cache/inference/backends/tensorrt-11.3/include/NvInferRuntime.h:1717:34: note: declared here
warning: quoridor-inference@0.1.0:  1717 |     TRT_DEPRECATED virtual void* allocate(
warning: quoridor-inference@0.1.0:       |                                  ^~~~~~~~
warning: quoridor-inference@0.1.0: /home/vscode/.cache/inference/backends/tensorrt-11.3/include/NvInferRuntime.h: In member function 'virtual bool nvinfer1::v_1_0::IGpuAllocator::deallocateAsync(void*, cudaStream_t)':
warning: quoridor-inference@0.1.0: /home/vscode/.cache/inference/backends/tensorrt-11.3/include/NvInferRuntime.h:1848:26: warning: 'virtual bool nvinfer1::v_1_0::IGpuAllocator::deallocate(void*)' is deprecated [-Wdeprecated-declarations]
warning: quoridor-inference@0.1.0:  1848 |         return deallocate(memory);
warning: quoridor-inference@0.1.0:       |                ~~~~~~~~~~^~~~~~~~
warning: quoridor-inference@0.1.0: /home/vscode/.cache/inference/backends/tensorrt-11.3/include/NvInferRuntime.h:1783:33: note: declared here
warning: quoridor-inference@0.1.0:  1783 |     TRT_DEPRECATED virtual bool deallocate(void* const memory) noexcept = 0;
warning: quoridor-inference@0.1.0:       |                                 ^~~~~~~~~~
warning: quoridor-inference@0.1.0: /home/vscode/.cache/inference/backends/tensorrt-11.3/include/NvInferRuntime.h: In member function 'virtual void* nvinfer1::v_1_0::IOutputAllocator::reallocateOutputAsync(const char*, void*, uint64_t, uint64_t, cudaStream_t)':
warning: quoridor-inference@0.1.0: /home/vscode/.cache/inference/backends/tensorrt-11.3/include/NvInferRuntime.h:3957:32: warning: 'virtual void* nvinfer1::v_1_0::IOutputAllocator::reallocateOutput(const char*, void*, uint64_t, uint64_t)' is deprecated [-Wdeprecated-declarations]
warning: quoridor-inference@0.1.0:  3957 |         return reallocateOutput(tensorName, currentMemory, size, alignment);
warning: quoridor-inference@0.1.0:       |                ~~~~~~~~~~~~~~~~^~~~~~~~~~~~~~~~~~~~~~~~~~~~~~~~~~~~~~~~~~~~
warning: quoridor-inference@0.1.0: /home/vscode/.cache/inference/backends/tensorrt-11.3/include/NvInferRuntime.h:3925:34: note: declared here
warning: quoridor-inference@0.1.0:  3925 |     TRT_DEPRECATED virtual void* reallocateOutput(
warning: quoridor-inference@0.1.0:       |                                  ^~~~~~~~~~~~~~~~
    Checking quoridor-runner v0.1.0 (/workspaces/quoridor/.worktree/frame22-teacher/crates/quoridor-runner)
    Finished `release` profile [optimized] target(s) in 2.66s
