AssertionError [ERR_ASSERTION]: Expected values to be strictly deep-equal:
+ actual - expected
... Skipped lines

  {
    backups: [
      {
        K: 1,
        leaf_index: 0,
...
        score: 0.20246161521824857,
+       visited_base_prior_sum: -0
-       visited_base_prior_sum: 0
      },
      {
        Action: 67,
        K_before: 2,
        childN: 1,
...
        score: 0.25017584300513274,
+       visited_base_prior_sum: -0
-       visited_base_prior_sum: 0
      },
      {
        Action: 67,
        K_before: 3,
        childN: 2,
...
        score: 0.15742131629118994,
+       visited_base_prior_sum: -0
-       visited_base_prior_sum: 0
      },
      {
        Action: 67,
        K_before: 4,
        childN: 3,
...
        score: 0.040831855311641574,
+       visited_base_prior_sum: -0
-       visited_base_prior_sum: 0
      },
      {
        Action: 67,
        K_before: 5,
        childN: 4,
...
        score: 0.16657205275266346,
+       visited_base_prior_sum: -0
-       visited_base_prior_sum: 0
      },
      {
        Action: 67,
        K_before: 6,
        childN: 5,
...
        score: -0.06705239232077348,
+       visited_base_prior_sum: -0
-       visited_base_prior_sum: 0
      },
      {
        Action: 67,
        K_before: 7,
        childN: 6,
...
        score: 0.6717722123676693,
+       visited_base_prior_sum: -0
-       visited_base_prior_sum: 0
      },
      {
        Action: 67,
        K_before: 9,
        childN: 8,
...
        score: -0.36288641046194836,
+       visited_base_prior_sum: -0
-       visited_base_prior_sum: 0
      },
      {
        Action: 67,
        K_before: 10,
        childN: 9,
...
        score: -0.16734312066735038,
+       visited_base_prior_sum: -0
-       visited_base_prior_sum: 0
      },
      {
        Action: 67,
        K_before: 13,
        childN: 12,
...
        score: 0.7349329854484332,
+       visited_base_prior_sum: -0
-       visited_base_prior_sum: 0
      },
      {
        Action: 67,
        K_before: 14,
        childN: 13,
...
        score: 0.33431662086429215,
+       visited_base_prior_sum: -0
-       visited_base_prior_sum: 0
      },
      {
        Action: 67,
        K_before: 16,
        childN: 15,
...
        score: 0.2452503062957494,
+       visited_base_prior_sum: -0
-       visited_base_prior_sum: 0
      },
      {
        Action: 67,
        K_before: 17,
        childN: 16,
...
        score: -0.2483373243733491,
+       visited_base_prior_sum: -0
-       visited_base_prior_sum: 0
      },
      {
        Action: 67,
        K_before: 19,
        childN: 18,
...
        score: 0.958829064372337,
+       visited_base_prior_sum: -0
-       visited_base_prior_sum: 0
      },
      {
        Action: 67,
        K_before: 20,
        childN: 19,
...
        score: 0.597099274430651,
+       visited_base_prior_sum: -0
-       visited_base_prior_sum: 0
      },
      {
        Action: 67,
        K_before: 21,
        childN: 20,
...
        score: -0.3616020785330231,
+       visited_base_prior_sum: -0
-       visited_base_prior_sum: 0
      },
      {
        Action: 67,
        K_before: 22,
        childN: 21,
...
        score: -0.6321917754723105,
+       visited_base_prior_sum: -0
-       visited_base_prior_sum: 0
      },
      {
        Action: 67,
        K_before: 23,
        childN: 22,
...
        score: 0.5801221922096513,
+       visited_base_prior_sum: -0
-       visited_base_prior_sum: 0
      },
      {
        Action: 67,
        K_before: 25,
        childN: 24,
...
        score: 0.9489836242024607,
+       visited_base_prior_sum: -0
-       visited_base_prior_sum: 0
      },
      {
        Action: 67,
        K_before: 26,
        childN: 25,
...
        score: 0.5998336943303775,
+       visited_base_prior_sum: -0
-       visited_base_prior_sum: 0
      },
      {
        Action: 129,
        K_before: 31,
        childN: 0,

    at main (/workspaces/quoridor/.worktree/ai-sigma/tools/ai-sigma-sigma-web-port-saved-independent/replay.cjs:34:11)
