   Compiling quoridor-runner v0.1.0 (/workspaces/quoridor/crates/quoridor-runner)
error[E0277]: `?` couldn't convert the error: `dyn StdError + Send + Sync: Sized` is not satisfied
   --> crates/quoridor-runner/src/bin/nnue-diagnose.rs:535:72
    |
518 | fn main() -> Result<()> {
    |              ---------- required `dyn StdError + Send + Sync: Sized` because of this
...
535 |     let affinity = quoridor_runner::resources::AffinityGuard::capture()?;
    |                    ----------------------------------------------------^ doesn't have a size known at compile-time
    |                    |
    |                    this can't be annotated with `?` because it has type `Result<_, Box<(dyn StdError + Send + Sync + 'static)>>`
    |
    = help: the trait `Sized` is not implemented for `dyn StdError + Send + Sync`
    = note: the question mark operation (`?`) implicitly performs a conversion on the error value using the `From` trait
    = note: required for `Box<dyn StdError + Send + Sync>` to implement `StdError`
    = note: required for `Box<dyn StdError>` to implement `From<Box<dyn StdError + Send + Sync>>`

error[E0277]: `?` couldn't convert the error: `dyn StdError + Send + Sync: Sized` is not satisfied
   --> crates/quoridor-runner/src/bin/nnue-diagnose.rs:542:6
    |
518 |   fn main() -> Result<()> {
    |                ---------- required `dyn StdError + Send + Sync: Sized` because of this
...
536 |       let admission = quoridor_runner::resources::admit(
    |  _____________________-
537 | |         1,
538 | |         &[c.cpu_core],
539 | |         false,
540 | |         c.host_ram_reserve,
541 | |         Some(c.ram_limit),
542 | |     )?;
    | |     -^ doesn't have a size known at compile-time
    | |_____|
    |       this can't be annotated with `?` because it has type `Result<_, Box<(dyn StdError + Send + Sync + 'static)>>`
    |
    = help: the trait `Sized` is not implemented for `dyn StdError + Send + Sync`
    = note: the question mark operation (`?`) implicitly performs a conversion on the error value using the `From` trait
    = note: required for `Box<dyn StdError + Send + Sync>` to implement `StdError`
    = note: required for `Box<dyn StdError>` to implement `From<Box<dyn StdError + Send + Sync>>`

error[E0277]: `?` couldn't convert the error: `dyn StdError + Send + Sync: Sized` is not satisfied
   --> crates/quoridor-runner/src/bin/nnue-diagnose.rs:543:63
    |
518 | fn main() -> Result<()> {
    |              ---------- required `dyn StdError + Send + Sync: Sized` because of this
...
543 |     quoridor_runner::resources::pin(admission.worker_cores[0])?;
    |     ----------------------------------------------------------^ doesn't have a size known at compile-time
    |     |
    |     this can't be annotated with `?` because it has type `Result<_, Box<(dyn StdError + Send + Sync + 'static)>>`
    |
    = help: the trait `Sized` is not implemented for `dyn StdError + Send + Sync`
    = note: the question mark operation (`?`) implicitly performs a conversion on the error value using the `From` trait
    = note: required for `Box<dyn StdError + Send + Sync>` to implement `StdError`
    = note: required for `Box<dyn StdError>` to implement `From<Box<dyn StdError + Send + Sync>>`

warning: value assigned to `status` is never read
   --> crates/quoridor-runner/src/bin/nnue-diagnose.rs:406:30
    |
406 |             let mut status = "STARTED";
    |                              ^^^^^^^^^ this value is reassigned later and never used
...
413 |                     status = "TERMINAL";
    |                     ------------------- `status` is overwritten here before the previous value is read
    |
    = note: `#[warn(unused_assignments)]` (part of `#[warn(unused)]`) on by default

For more information about this error, try `rustc --explain E0277`.
warning: `quoridor-runner` (bin "nnue-diagnose") generated 1 warning
error: could not compile `quoridor-runner` (bin "nnue-diagnose") due to 3 previous errors; 1 warning emitted
